// Jest Snapshot v1, https://goo.gl/fbAQLP

exports[`renders homepage unchanged 1`] = `
<div>
  <div
    class="container"
  >
    <main>
      <h1
        class="title"
      >
        Welcome to Primer!
      </h1>
      <p
        class="description"
      >
        Find the highest prime number lower than the input number below
      </p>
      <div>
        <input
          max="9007199254740991"
          min="2"
          type="number"
          value="2"
        />
        <button>
          Find!
        </button>
      </div>
    </main>
  </div>
</div>
`;
